AR fd4re_mxilinx_finalcomputer behavioral "C:/Users/Shafer/Desktop/FinalComputer testing ALU/FinalComputer/FinalComputer.vhf" sub00/vhpl63 1526289921
AR mux5to1_8bit_muser_finalcomputer behavioral "C:/Users/Shafer/Desktop/FinalComputer testing ALU/FinalComputer/FinalComputer.vhf" sub00/vhpl51 1526289909
EN dcm_50m NULL "C:/Users/Shafer/Desktop/FinalComputer testing ALU/FinalComputer/DCM_50M (2).vhd" sub00/vhpl02 1526289860
AR debounce_muser_finalcomputer behavioral "C:/Users/Shafer/Desktop/FinalComputer testing ALU/FinalComputer/FinalComputer.vhf" sub00/vhpl61 1526289919
EN mux2to1_muser_alu NULL "C:/Users/Shafer/Desktop/FinalComputer testing ALU/FinalComputer/ALU.vhf" sub01/vhpl122 1526289980
AR cb8cled_mxilinx_finalcomputer behavioral "C:/Users/Shafer/Desktop/FinalComputer testing ALU/FinalComputer/FinalComputer.vhf" sub00/vhpl35 1526289893
AR sta_decoder behavioral "C:/Users/Shafer/Desktop/FinalComputer testing ALU/FinalComputer/STA_Decoder.vhf" sub01/vhpl155 1526290013
EN cb2ce_mxilinx_finalcomputer NULL "C:/Users/Shafer/Desktop/FinalComputer testing ALU/FinalComputer/FinalComputer.vhf" sub00/vhpl38 1526289896
EN sseg_display_muser_finalcomputer NULL "C:/Users/Shafer/Desktop/FinalComputer testing ALU/FinalComputer/FinalComputer.vhf" sub00/vhpl58 1526289916
AR program_mode behavioral "C:/Users/Shafer/Desktop/FinalComputer testing ALU/FinalComputer/Program_Mode.vhf" sub01/vhpl115 1526289973
EN mux2to1 NULL "C:/Users/Shafer/Desktop/FinalComputer testing ALU/FinalComputer/Mux2to1.vhf" sub01/vhpl172 1526290030
AR mux2to1_muser_mux2to1_8bit behavioral "C:/Users/Shafer/Desktop/FinalComputer testing ALU/FinalComputer/Mux2to1_8Bit.vhf" sub01/vhpl141 1526289999
AR sseg_display behavioral "C:/Users/Shafer/Desktop/FinalComputer testing ALU/FinalComputer/Sseg_Display.vhf" sub01/vhpl121 1526289979
EN finalcomputer NULL "C:/Users/Shafer/Desktop/FinalComputer testing ALU/FinalComputer/FinalComputer.vhf" sub00/vhpl66 1526289924
EN mux2to1_8bit_muser_finalcomputer NULL "C:/Users/Shafer/Desktop/FinalComputer testing ALU/FinalComputer/FinalComputer.vhf" sub00/vhpl24 1526289882
EN sseg_display NULL "C:/Users/Shafer/Desktop/FinalComputer testing ALU/FinalComputer/Sseg_Display.vhf" sub01/vhpl120 1526289978
AR fa_muser_alu behavioral "C:/Users/Shafer/Desktop/FinalComputer testing ALU/FinalComputer/ALU.vhf" sub01/vhpl125 1526289983
EN instruction_decoder NULL "C:/Users/Shafer/Desktop/FinalComputer testing ALU/FinalComputer/Instruction_Decoder.vhf" sub01/vhpl134 1526289992
EN mux2to1_4bit_muser_finalcomputer NULL "C:/Users/Shafer/Desktop/FinalComputer testing ALU/FinalComputer/FinalComputer.vhf" sub00/vhpl22 1526289880
AR cb2ce_mxilinx_cpu behavioral "C:/Users/Shafer/Desktop/FinalComputer testing ALU/FinalComputer/CPU.vhf" sub00/vhpl93 1526289951
EN mux2to1_muser_sseg_display NULL "C:/Users/Shafer/Desktop/FinalComputer testing ALU/FinalComputer/Sseg_Display.vhf" sub01/vhpl116 1526289974
AR dcm_50m behavioral "C:/Users/Shafer/Desktop/FinalComputer testing ALU/FinalComputer/DCM_50M (2).vhd" sub00/vhpl03 1526289861
EN alu_muser_finalcomputer NULL "C:/Users/Shafer/Desktop/FinalComputer testing ALU/FinalComputer/FinalComputer.vhf" sub00/vhpl20 1526289878
AR m2_1_mxilinx_finalcomputer behavioral "C:/Users/Shafer/Desktop/FinalComputer testing ALU/FinalComputer/FinalComputer.vhf" sub00/vhpl31 1526289889
AR mux5to1_4bit_muser_finalcomputer behavioral "C:/Users/Shafer/Desktop/FinalComputer testing ALU/FinalComputer/FinalComputer.vhf" sub00/vhpl49 1526289907
EN fa NULL "C:/Users/Shafer/Desktop/FinalComputer testing ALU/FinalComputer/FA.vhf" sub01/vhpl170 1526290028
AR mux2to1_muser_alu behavioral "C:/Users/Shafer/Desktop/FinalComputer testing ALU/FinalComputer/ALU.vhf" sub01/vhpl123 1526289981
AR instruction_decoder behavioral "C:/Users/Shafer/Desktop/FinalComputer testing ALU/FinalComputer/Instruction_Decoder.vhf" sub01/vhpl135 1526289993
EN sel_strobeb NULL "C:/Users/Shafer/Desktop/FinalComputer testing ALU/FinalComputer/sel_strobeB.vhd" sub00/vhpl04 1526289862
EN ssd_1dig NULL "C:/Users/Shafer/Desktop/FinalComputer testing ALU/FinalComputer/SSD_1dig.vhd" sub00/vhpl08 1526289866
EN mux2to1_4bit_muser_mux2to1_8bit NULL "C:/Users/Shafer/Desktop/FinalComputer testing ALU/FinalComputer/Mux2to1_8Bit.vhf" sub01/vhpl142 1526290000
EN or7_mxilinx_finalcomputer NULL "C:/Users/Shafer/Desktop/FinalComputer testing ALU/FinalComputer/FinalComputer.vhf" sub00/vhpl40 1526289898
EN fa_8bit_muser_cpu NULL "C:/Users/Shafer/Desktop/FinalComputer testing ALU/FinalComputer/CPU.vhf" sub00/vhpl72 1526289930
EN mux5to1_8bit NULL "C:/Users/Shafer/Desktop/FinalComputer testing ALU/FinalComputer/Mux5to1_8Bit.vhf" sub01/vhpl152 1526290010
EN mux2to1_4bit_bus_muser_finalcomputer NULL "C:/Users/Shafer/Desktop/FinalComputer testing ALU/FinalComputer/FinalComputer.vhf" sub00/vhpl56 1526289914
AR fa_8bit behavioral "C:/Users/Shafer/Desktop/FinalComputer testing ALU/FinalComputer/FA_8Bit.vhf" sub01/vhpl159 1526290017
AR sel_strobeb behavioral "C:/Users/Shafer/Desktop/FinalComputer testing ALU/FinalComputer/sel_strobeB.vhd" sub00/vhpl05 1526289863
AR alu behavioral "C:/Users/Shafer/Desktop/FinalComputer testing ALU/FinalComputer/ALU.vhf" sub01/vhpl129 1526289987
EN mux2to1_muser_finalcomputer NULL "C:/Users/Shafer/Desktop/FinalComputer testing ALU/FinalComputer/FinalComputer.vhf" sub00/vhpl14 1526289872
EN cpu_muser_finalcomputer NULL "C:/Users/Shafer/Desktop/FinalComputer testing ALU/FinalComputer/FinalComputer.vhf" sub00/vhpl54 1526289912
EN mux5to1_muser_mux5to1_4bit NULL "C:/Users/Shafer/Desktop/FinalComputer testing ALU/FinalComputer/Mux5to1_4Bit.vhf" sub01/vhpl166 1526290024
EN mux2to1_4bit_bus_muser_sseg_display NULL "C:/Users/Shafer/Desktop/FinalComputer testing ALU/FinalComputer/Sseg_Display.vhf" sub01/vhpl118 1526289976
AR mux2to1_muser_cpu behavioral "C:/Users/Shafer/Desktop/FinalComputer testing ALU/FinalComputer/CPU.vhf" sub00/vhpl69 1526289927
EN m2_1b1_mxilinx_cpu NULL "C:/Users/Shafer/Desktop/FinalComputer testing ALU/FinalComputer/CPU.vhf" sub00/vhpl82 1526289940
AR debounce_muser_program_mode behavioral "C:/Users/Shafer/Desktop/FinalComputer testing ALU/FinalComputer/Program_Mode.vhf" sub01/vhpl111 1526289969
AR sram32x8_generic behavioral "C:/Users/Shafer/Desktop/FinalComputer testing ALU/FinalComputer/sRAM32x8_generic.vhd" sub00/vhpl13 1526289871
AR mux2to1_8bit behavioral "C:/Users/Shafer/Desktop/FinalComputer testing ALU/FinalComputer/Mux2to1_8Bit.vhf" sub01/vhpl145 1526290003
EN fa_muser_cpu NULL "C:/Users/Shafer/Desktop/FinalComputer testing ALU/FinalComputer/CPU.vhf" sub00/vhpl70 1526289928
AR mux2to1_4bit_bus_muser_finalcomputer behavioral "C:/Users/Shafer/Desktop/FinalComputer testing ALU/FinalComputer/FinalComputer.vhf" sub00/vhpl57 1526289915
AR mux4ssd behavioral "C:/Users/Shafer/Desktop/FinalComputer testing ALU/FinalComputer/mux4SSD (1).vhd" sub00/vhpl07 1526289865
AR alu_decoder_muser_cpu behavioral "C:/Users/Shafer/Desktop/FinalComputer testing ALU/FinalComputer/CPU.vhf" sub00/vhpl99 1526289957
AR cpu behavioral "C:/Users/Shafer/Desktop/FinalComputer testing ALU/FinalComputer/CPU.vhf" sub01/vhpl109 1526289967
EN fa_muser_fa_8bit NULL "C:/Users/Shafer/Desktop/FinalComputer testing ALU/FinalComputer/FA_8Bit.vhf" sub01/vhpl156 1526290014
AR ftce_mxilinx_finalcomputer behavioral "C:/Users/Shafer/Desktop/FinalComputer testing ALU/FinalComputer/FinalComputer.vhf" sub00/vhpl37 1526289895
EN mux2to1_8bit NULL "C:/Users/Shafer/Desktop/FinalComputer testing ALU/FinalComputer/Mux2to1_8Bit.vhf" sub01/vhpl144 1526290002
AR mux2to1_muser_finalcomputer behavioral "C:/Users/Shafer/Desktop/FinalComputer testing ALU/FinalComputer/FinalComputer.vhf" sub00/vhpl15 1526289873
EN debounce_muser_finalcomputer NULL "C:/Users/Shafer/Desktop/FinalComputer testing ALU/FinalComputer/FinalComputer.vhf" sub00/vhpl60 1526289918
AR mux5to1_4bit behavioral "C:/Users/Shafer/Desktop/FinalComputer testing ALU/FinalComputer/Mux5to1_4Bit.vhf" sub01/vhpl169 1526290027
EN fa_8bit NULL "C:/Users/Shafer/Desktop/FinalComputer testing ALU/FinalComputer/FA_8Bit.vhf" sub01/vhpl158 1526290016
AR debounce behavioral "C:/Users/Shafer/Desktop/FinalComputer testing ALU/FinalComputer/Debounce.vhf" sub01/vhpl133 1526289991
AR mux2to1_muser_mux2to1_4bit_bus behavioral "C:/Users/Shafer/Desktop/FinalComputer testing ALU/FinalComputer/Mux2to1_4Bit_Bus.vhf" sub01/vhpl137 1526289995
EN mux2to1_muser_mux2to1_8bit NULL "C:/Users/Shafer/Desktop/FinalComputer testing ALU/FinalComputer/Mux2to1_8Bit.vhf" sub01/vhpl140 1526289998
EN m2_1_mxilinx_finalcomputer NULL "C:/Users/Shafer/Desktop/FinalComputer testing ALU/FinalComputer/FinalComputer.vhf" sub00/vhpl30 1526289888
AR mux2to1_4bit_muser_cpu behavioral "C:/Users/Shafer/Desktop/FinalComputer testing ALU/FinalComputer/CPU.vhf" sub00/vhpl77 1526289935
EN cb2ce_mxilinx_cpu NULL "C:/Users/Shafer/Desktop/FinalComputer testing ALU/FinalComputer/CPU.vhf" sub00/vhpl92 1526289950
EN cb8cled_mxilinx_finalcomputer NULL "C:/Users/Shafer/Desktop/FinalComputer testing ALU/FinalComputer/FinalComputer.vhf" sub00/vhpl34 1526289892
AR crenc4bin behavioral "C:/Users/Shafer/Desktop/FinalComputer testing ALU/FinalComputer/CRenc4bin (2).vhd" sub00/vhpl11 1526289869
AR ftclex_mxilinx_finalcomputer behavioral "C:/Users/Shafer/Desktop/FinalComputer testing ALU/FinalComputer/FinalComputer.vhf" sub00/vhpl33 1526289891
EN mux5to1_muser_finalcomputer NULL "C:/Users/Shafer/Desktop/FinalComputer testing ALU/FinalComputer/FinalComputer.vhf" sub00/vhpl46 1526289904
EN cpu NULL "C:/Users/Shafer/Desktop/FinalComputer testing ALU/FinalComputer/CPU.vhf" sub01/vhpl108 1526289966
EN sta_decoder NULL "C:/Users/Shafer/Desktop/FinalComputer testing ALU/FinalComputer/STA_Decoder.vhf" sub01/vhpl154 1526290012
AR cb8cled_mxilinx_cpu behavioral "C:/Users/Shafer/Desktop/FinalComputer testing ALU/FinalComputer/CPU.vhf" sub00/vhpl89 1526289947
AR sta_decoder_muser_finalcomputer behavioral "C:/Users/Shafer/Desktop/FinalComputer testing ALU/FinalComputer/FinalComputer.vhf" sub00/vhpl53 1526289911
AR mux5to1_4bit_muser_cpu behavioral "C:/Users/Shafer/Desktop/FinalComputer testing ALU/FinalComputer/CPU.vhf" sub01/vhpl103 1526289961
EN alu_decoder NULL "C:/Users/Shafer/Desktop/FinalComputer testing ALU/FinalComputer/ALU_Decoder.vhf" sub01/vhpl130 1526289988
EN m2_1_mxilinx_mux5to1_8bit NULL "C:/Users/Shafer/Desktop/FinalComputer testing ALU/FinalComputer/Mux5to1_8Bit.vhf" sub01/vhpl146 1526290004
EN fa_8bit_muser_finalcomputer NULL "C:/Users/Shafer/Desktop/FinalComputer testing ALU/FinalComputer/FinalComputer.vhf" sub00/vhpl18 1526289876
AR program_mode_muser_finalcomputer behavioral "C:/Users/Shafer/Desktop/FinalComputer testing ALU/FinalComputer/FinalComputer.vhf" sub00/vhpl65 1526289923
EN mux2to1_muser_cpu NULL "C:/Users/Shafer/Desktop/FinalComputer testing ALU/FinalComputer/CPU.vhf" sub00/vhpl68 1526289926
EN alu_decoder_muser_finalcomputer NULL "C:/Users/Shafer/Desktop/FinalComputer testing ALU/FinalComputer/FinalComputer.vhf" sub00/vhpl44 1526289902
EN program_mode NULL "C:/Users/Shafer/Desktop/FinalComputer testing ALU/FinalComputer/Program_Mode.vhf" sub01/vhpl114 1526289972
AR or7_mxilinx_finalcomputer behavioral "C:/Users/Shafer/Desktop/FinalComputer testing ALU/FinalComputer/FinalComputer.vhf" sub00/vhpl41 1526289899
EN m2_1_mxilinx_mux5to1 NULL "C:/Users/Shafer/Desktop/FinalComputer testing ALU/FinalComputer/Mux5to1.vhf" sub01/vhpl174 1526290032
AR mux2to1_4bit behavioral "C:/Users/Shafer/Desktop/FinalComputer testing ALU/FinalComputer/Mux2to1_4Bit.vhf" sub01/vhpl163 1526290021
AR mux2to1_8bit_muser_cpu behavioral "C:/Users/Shafer/Desktop/FinalComputer testing ALU/FinalComputer/CPU.vhf" sub00/vhpl79 1526289937
EN debounce NULL "C:/Users/Shafer/Desktop/FinalComputer testing ALU/FinalComputer/Debounce.vhf" sub01/vhpl132 1526289990
EN ftce_mxilinx_finalcomputer NULL "C:/Users/Shafer/Desktop/FinalComputer testing ALU/FinalComputer/FinalComputer.vhf" sub00/vhpl36 1526289894
AR alu_muser_cpu behavioral "C:/Users/Shafer/Desktop/FinalComputer testing ALU/FinalComputer/CPU.vhf" sub00/vhpl75 1526289933
AR sta_decoder_muser_cpu behavioral "C:/Users/Shafer/Desktop/FinalComputer testing ALU/FinalComputer/CPU.vhf" sub01/vhpl107 1526289965
EN mux5to1_8bit_muser_finalcomputer NULL "C:/Users/Shafer/Desktop/FinalComputer testing ALU/FinalComputer/FinalComputer.vhf" sub00/vhpl50 1526289908
AR mux2to1_4bit_bus behavioral "C:/Users/Shafer/Desktop/FinalComputer testing ALU/FinalComputer/Mux2to1_4Bit_Bus.vhf" sub01/vhpl139 1526289997
AR mux2to1 behavioral "C:/Users/Shafer/Desktop/FinalComputer testing ALU/FinalComputer/Mux2to1.vhf" sub01/vhpl173 1526290031
AR m2_1_mxilinx_mux5to1_8bit behavioral "C:/Users/Shafer/Desktop/FinalComputer testing ALU/FinalComputer/Mux5to1_8Bit.vhf" sub01/vhpl147 1526290005
AR m2_1b1_mxilinx_cpu behavioral "C:/Users/Shafer/Desktop/FinalComputer testing ALU/FinalComputer/CPU.vhf" sub00/vhpl83 1526289941
EN bin2bcd3en NULL "C:/Users/Shafer/Desktop/FinalComputer testing ALU/FinalComputer/bin2BCD3en (3).vhd" sub00/vhpl00 1526289858
AR sseg_display_muser_finalcomputer behavioral "C:/Users/Shafer/Desktop/FinalComputer testing ALU/FinalComputer/FinalComputer.vhf" sub00/vhpl59 1526289917
EN mux2to1_muser_mux2to1_4bit_bus NULL "C:/Users/Shafer/Desktop/FinalComputer testing ALU/FinalComputer/Mux2to1_4Bit_Bus.vhf" sub01/vhpl136 1526289994
AR mux5to1_muser_mux5to1_8bit behavioral "C:/Users/Shafer/Desktop/FinalComputer testing ALU/FinalComputer/Mux5to1_8Bit.vhf" sub01/vhpl149 1526290007
AR mux2to1_4bit_muser_finalcomputer behavioral "C:/Users/Shafer/Desktop/FinalComputer testing ALU/FinalComputer/FinalComputer.vhf" sub00/vhpl23 1526289881
AR fd8re_mxilinx_finalcomputer behavioral "C:/Users/Shafer/Desktop/FinalComputer testing ALU/FinalComputer/FinalComputer.vhf" sub00/vhpl27 1526289885
AR mux5to1 behavioral "C:/Users/Shafer/Desktop/FinalComputer testing ALU/FinalComputer/Mux5to1.vhf" sub01/vhpl177 1526290035
EN fd4re_mxilinx_finalcomputer NULL "C:/Users/Shafer/Desktop/FinalComputer testing ALU/FinalComputer/FinalComputer.vhf" sub00/vhpl62 1526289920
EN mux5to1_4bit_muser_mux5to1_8bit NULL "C:/Users/Shafer/Desktop/FinalComputer testing ALU/FinalComputer/Mux5to1_8Bit.vhf" sub01/vhpl150 1526290008
EN m2_1b1_mxilinx_finalcomputer NULL "C:/Users/Shafer/Desktop/FinalComputer testing ALU/FinalComputer/FinalComputer.vhf" sub00/vhpl28 1526289886
EN mux2to1_4bit_muser_cpu NULL "C:/Users/Shafer/Desktop/FinalComputer testing ALU/FinalComputer/CPU.vhf" sub00/vhpl76 1526289934
AR fd8re_mxilinx_cpu behavioral "C:/Users/Shafer/Desktop/FinalComputer testing ALU/FinalComputer/CPU.vhf" sub00/vhpl81 1526289939
EN mux4ssd NULL "C:/Users/Shafer/Desktop/FinalComputer testing ALU/FinalComputer/mux4SSD (1).vhd" sub00/vhpl06 1526289864
AR ftclex_mxilinx_cpu behavioral "C:/Users/Shafer/Desktop/FinalComputer testing ALU/FinalComputer/CPU.vhf" sub00/vhpl87 1526289945
EN mux5to1_4bit NULL "C:/Users/Shafer/Desktop/FinalComputer testing ALU/FinalComputer/Mux5to1_4Bit.vhf" sub01/vhpl168 1526290026
AR ftce_mxilinx_cpu behavioral "C:/Users/Shafer/Desktop/FinalComputer testing ALU/FinalComputer/CPU.vhf" sub00/vhpl91 1526289949
AR alu_decoder_muser_finalcomputer behavioral "C:/Users/Shafer/Desktop/FinalComputer testing ALU/FinalComputer/FinalComputer.vhf" sub00/vhpl45 1526289903
EN program_mode_muser_finalcomputer NULL "C:/Users/Shafer/Desktop/FinalComputer testing ALU/FinalComputer/FinalComputer.vhf" sub00/vhpl64 1526289922
AR ssd_1dig behavioral "C:/Users/Shafer/Desktop/FinalComputer testing ALU/FinalComputer/SSD_1dig.vhd" sub00/vhpl09 1526289867
EN fd8re_mxilinx_cpu NULL "C:/Users/Shafer/Desktop/FinalComputer testing ALU/FinalComputer/CPU.vhf" sub00/vhpl80 1526289938
EN or7_mxilinx_cpu NULL "C:/Users/Shafer/Desktop/FinalComputer testing ALU/FinalComputer/CPU.vhf" sub00/vhpl94 1526289952
AR alu_muser_finalcomputer behavioral "C:/Users/Shafer/Desktop/FinalComputer testing ALU/FinalComputer/FinalComputer.vhf" sub00/vhpl21 1526289879
EN mux2to1_8bit_muser_cpu NULL "C:/Users/Shafer/Desktop/FinalComputer testing ALU/FinalComputer/CPU.vhf" sub00/vhpl78 1526289936
AR mux5to1_8bit behavioral "C:/Users/Shafer/Desktop/FinalComputer testing ALU/FinalComputer/Mux5to1_8Bit.vhf" sub01/vhpl153 1526290011
AR fa_8bit_muser_alu behavioral "C:/Users/Shafer/Desktop/FinalComputer testing ALU/FinalComputer/ALU.vhf" sub01/vhpl127 1526289985
AR or7_mxilinx_cpu behavioral "C:/Users/Shafer/Desktop/FinalComputer testing ALU/FinalComputer/CPU.vhf" sub00/vhpl95 1526289953
AR m2_1_mxilinx_mux5to1_4bit behavioral "C:/Users/Shafer/Desktop/FinalComputer testing ALU/FinalComputer/Mux5to1_4Bit.vhf" sub01/vhpl165 1526290023
AR mux2to1_4bit_muser_mux2to1_8bit behavioral "C:/Users/Shafer/Desktop/FinalComputer testing ALU/FinalComputer/Mux2to1_8Bit.vhf" sub01/vhpl143 1526290001
EN mux2to1_4bit_bus NULL "C:/Users/Shafer/Desktop/FinalComputer testing ALU/FinalComputer/Mux2to1_4Bit_Bus.vhf" sub01/vhpl138 1526289996
EN mux2to1_4bit NULL "C:/Users/Shafer/Desktop/FinalComputer testing ALU/FinalComputer/Mux2to1_4Bit.vhf" sub01/vhpl162 1526290020
EN fd8re_mxilinx_finalcomputer NULL "C:/Users/Shafer/Desktop/FinalComputer testing ALU/FinalComputer/FinalComputer.vhf" sub00/vhpl26 1526289884
AR mux2to1_muser_mux2to1_4bit behavioral "C:/Users/Shafer/Desktop/FinalComputer testing ALU/FinalComputer/Mux2to1_4Bit.vhf" sub01/vhpl161 1526290019
AR alu_decoder behavioral "C:/Users/Shafer/Desktop/FinalComputer testing ALU/FinalComputer/ALU_Decoder.vhf" sub01/vhpl131 1526289989
AR mux5to1_muser_mux5to1_4bit behavioral "C:/Users/Shafer/Desktop/FinalComputer testing ALU/FinalComputer/Mux5to1_4Bit.vhf" sub01/vhpl167 1526290025
AR cb2ce_mxilinx_finalcomputer behavioral "C:/Users/Shafer/Desktop/FinalComputer testing ALU/FinalComputer/FinalComputer.vhf" sub00/vhpl39 1526289897
EN mux2to1_muser_mux2to1_4bit NULL "C:/Users/Shafer/Desktop/FinalComputer testing ALU/FinalComputer/Mux2to1_4Bit.vhf" sub01/vhpl160 1526290018
AR fa behavioral "C:/Users/Shafer/Desktop/FinalComputer testing ALU/FinalComputer/FA.vhf" sub01/vhpl171 1526290029
EN sram32x8_generic NULL "C:/Users/Shafer/Desktop/FinalComputer testing ALU/FinalComputer/sRAM32x8_generic.vhd" sub00/vhpl12 1526289870
EN alu_muser_cpu NULL "C:/Users/Shafer/Desktop/FinalComputer testing ALU/FinalComputer/CPU.vhf" sub00/vhpl74 1526289932
AR fa_muser_fa_8bit behavioral "C:/Users/Shafer/Desktop/FinalComputer testing ALU/FinalComputer/FA_8Bit.vhf" sub01/vhpl157 1526290015
AR fd4re_mxilinx_program_mode behavioral "C:/Users/Shafer/Desktop/FinalComputer testing ALU/FinalComputer/Program_Mode.vhf" sub01/vhpl113 1526289971
AR fa_8bit_muser_cpu behavioral "C:/Users/Shafer/Desktop/FinalComputer testing ALU/FinalComputer/CPU.vhf" sub00/vhpl73 1526289931
AR m2_1b1_mxilinx_finalcomputer behavioral "C:/Users/Shafer/Desktop/FinalComputer testing ALU/FinalComputer/FinalComputer.vhf" sub00/vhpl29 1526289887
AR fa_muser_cpu behavioral "C:/Users/Shafer/Desktop/FinalComputer testing ALU/FinalComputer/CPU.vhf" sub00/vhpl71 1526289929
AR instruction_decoder_muser_finalcomputer behavioral "C:/Users/Shafer/Desktop/FinalComputer testing ALU/FinalComputer/FinalComputer.vhf" sub00/vhpl43 1526289901
AR cpu_muser_finalcomputer behavioral "C:/Users/Shafer/Desktop/FinalComputer testing ALU/FinalComputer/FinalComputer.vhf" sub00/vhpl55 1526289913
AR m2_1_mxilinx_mux5to1 behavioral "C:/Users/Shafer/Desktop/FinalComputer testing ALU/FinalComputer/Mux5to1.vhf" sub01/vhpl175 1526290033
EN mux5to1_muser_mux5to1_8bit NULL "C:/Users/Shafer/Desktop/FinalComputer testing ALU/FinalComputer/Mux5to1_8Bit.vhf" sub01/vhpl148 1526290006
EN fa_8bit_muser_alu NULL "C:/Users/Shafer/Desktop/FinalComputer testing ALU/FinalComputer/ALU.vhf" sub01/vhpl126 1526289984
EN m2_1_mxilinx_mux5to1_4bit NULL "C:/Users/Shafer/Desktop/FinalComputer testing ALU/FinalComputer/Mux5to1_4Bit.vhf" sub01/vhpl164 1526290022
EN mux5to1_muser_cpu NULL "C:/Users/Shafer/Desktop/FinalComputer testing ALU/FinalComputer/CPU.vhf" sub01/vhpl100 1526289958
AR instruction_decoder_muser_cpu behavioral "C:/Users/Shafer/Desktop/FinalComputer testing ALU/FinalComputer/CPU.vhf" sub00/vhpl97 1526289955
EN alu_decoder_muser_cpu NULL "C:/Users/Shafer/Desktop/FinalComputer testing ALU/FinalComputer/CPU.vhf" sub00/vhpl98 1526289956
EN sta_decoder_muser_finalcomputer NULL "C:/Users/Shafer/Desktop/FinalComputer testing ALU/FinalComputer/FinalComputer.vhf" sub00/vhpl52 1526289910
AR fa_8bit_muser_finalcomputer behavioral "C:/Users/Shafer/Desktop/FinalComputer testing ALU/FinalComputer/FinalComputer.vhf" sub00/vhpl19 1526289877
AR mux5to1_muser_finalcomputer behavioral "C:/Users/Shafer/Desktop/FinalComputer testing ALU/FinalComputer/FinalComputer.vhf" sub00/vhpl47 1526289905
AR m2_1_mxilinx_cpu behavioral "C:/Users/Shafer/Desktop/FinalComputer testing ALU/FinalComputer/CPU.vhf" sub00/vhpl85 1526289943
AR finalcomputer behavioral "C:/Users/Shafer/Desktop/FinalComputer testing ALU/FinalComputer/FinalComputer.vhf" sub00/vhpl67 1526289925
EN mux5to1_4bit_muser_cpu NULL "C:/Users/Shafer/Desktop/FinalComputer testing ALU/FinalComputer/CPU.vhf" sub01/vhpl102 1526289960
AR mux2to1_muser_sseg_display behavioral "C:/Users/Shafer/Desktop/FinalComputer testing ALU/FinalComputer/Sseg_Display.vhf" sub01/vhpl117 1526289975
EN fa_muser_alu NULL "C:/Users/Shafer/Desktop/FinalComputer testing ALU/FinalComputer/ALU.vhf" sub01/vhpl124 1526289982
EN fa_muser_finalcomputer NULL "C:/Users/Shafer/Desktop/FinalComputer testing ALU/FinalComputer/FinalComputer.vhf" sub00/vhpl16 1526289874
EN instruction_decoder_muser_cpu NULL "C:/Users/Shafer/Desktop/FinalComputer testing ALU/FinalComputer/CPU.vhf" sub00/vhpl96 1526289954
EN m2_1_mxilinx_cpu NULL "C:/Users/Shafer/Desktop/FinalComputer testing ALU/FinalComputer/CPU.vhf" sub00/vhpl84 1526289942
EN mux5to1_4bit_muser_finalcomputer NULL "C:/Users/Shafer/Desktop/FinalComputer testing ALU/FinalComputer/FinalComputer.vhf" sub00/vhpl48 1526289906
EN ftce_mxilinx_cpu NULL "C:/Users/Shafer/Desktop/FinalComputer testing ALU/FinalComputer/CPU.vhf" sub00/vhpl90 1526289948
AR mux2to1_8bit_muser_finalcomputer behavioral "C:/Users/Shafer/Desktop/FinalComputer testing ALU/FinalComputer/FinalComputer.vhf" sub00/vhpl25 1526289883
EN sta_decoder_muser_cpu NULL "C:/Users/Shafer/Desktop/FinalComputer testing ALU/FinalComputer/CPU.vhf" sub01/vhpl106 1526289964
EN crenc4bin NULL "C:/Users/Shafer/Desktop/FinalComputer testing ALU/FinalComputer/CRenc4bin (2).vhd" sub00/vhpl10 1526289868
EN cb8cled_mxilinx_cpu NULL "C:/Users/Shafer/Desktop/FinalComputer testing ALU/FinalComputer/CPU.vhf" sub00/vhpl88 1526289946
AR mux2to1_4bit_bus_muser_sseg_display behavioral "C:/Users/Shafer/Desktop/FinalComputer testing ALU/FinalComputer/Sseg_Display.vhf" sub01/vhpl119 1526289977
EN instruction_decoder_muser_finalcomputer NULL "C:/Users/Shafer/Desktop/FinalComputer testing ALU/FinalComputer/FinalComputer.vhf" sub00/vhpl42 1526289900
EN mux5to1_8bit_muser_cpu NULL "C:/Users/Shafer/Desktop/FinalComputer testing ALU/FinalComputer/CPU.vhf" sub01/vhpl104 1526289962
AR bin2bcd3en behavioral "C:/Users/Shafer/Desktop/FinalComputer testing ALU/FinalComputer/bin2BCD3en (3).vhd" sub00/vhpl01 1526289859
EN debounce_muser_program_mode NULL "C:/Users/Shafer/Desktop/FinalComputer testing ALU/FinalComputer/Program_Mode.vhf" sub01/vhpl110 1526289968
EN ftclex_mxilinx_cpu NULL "C:/Users/Shafer/Desktop/FinalComputer testing ALU/FinalComputer/CPU.vhf" sub00/vhpl86 1526289944
AR mux5to1_8bit_muser_cpu behavioral "C:/Users/Shafer/Desktop/FinalComputer testing ALU/FinalComputer/CPU.vhf" sub01/vhpl105 1526289963
EN alu NULL "C:/Users/Shafer/Desktop/FinalComputer testing ALU/FinalComputer/ALU.vhf" sub01/vhpl128 1526289986
AR mux5to1_muser_cpu behavioral "C:/Users/Shafer/Desktop/FinalComputer testing ALU/FinalComputer/CPU.vhf" sub01/vhpl101 1526289959
AR fa_muser_finalcomputer behavioral "C:/Users/Shafer/Desktop/FinalComputer testing ALU/FinalComputer/FinalComputer.vhf" sub00/vhpl17 1526289875
EN ftclex_mxilinx_finalcomputer NULL "C:/Users/Shafer/Desktop/FinalComputer testing ALU/FinalComputer/FinalComputer.vhf" sub00/vhpl32 1526289890
EN fd4re_mxilinx_program_mode NULL "C:/Users/Shafer/Desktop/FinalComputer testing ALU/FinalComputer/Program_Mode.vhf" sub01/vhpl112 1526289970
AR mux5to1_4bit_muser_mux5to1_8bit behavioral "C:/Users/Shafer/Desktop/FinalComputer testing ALU/FinalComputer/Mux5to1_8Bit.vhf" sub01/vhpl151 1526290009
EN mux5to1 NULL "C:/Users/Shafer/Desktop/FinalComputer testing ALU/FinalComputer/Mux5to1.vhf" sub01/vhpl176 1526290034
